node.exe : Error [ERR_MODULE_NOT_FOUND]: Cannot find module 
'D:\Code\cms\autoloop\node_modules\next\jest' imported from D:\Code\cms\autoloop\jest.config.js
At line:1 char:1
+ & "C:\Program Files\nodejs/node.exe" "C:\Program Files\nodejs/node_mo ...
+ ~~~~~~~~~~~~~~~~~~~~~~~~~~~~~~~~~~~~~~~~~~~~~~~~~~~~~~~~~~~~~~~~~~~~~
    + CategoryInfo          : NotSpecified: (Error [ERR_MODU...\jest.config.js:String) [], Remot 
   eException
    + FullyQualifiedErrorId : NativeCommandError
 
Did you mean to import "next/jest.js"?
    at finalizeResolution (node:internal/modules/esm/resolve:274:11)
    at moduleResolve (node:internal/modules/esm/resolve:864:10)
    at defaultResolve (node:internal/modules/esm/resolve:990:11)
    at #cachedDefaultResolve (node:internal/modules/esm/loader:737:20)
    at #resolveAndMaybeBlockOnLoaderThread (node:internal/modules/esm/loader:773:38)
    at ModuleLoader.resolveSync (node:internal/modules/esm/loader:796:52)
    at #cachedResolveSync (node:internal/modules/esm/loader:756:25)
    at ModuleLoader.getModuleJobForRequire (node:internal/modules/esm/loader:450:50)
    at #link (node:internal/modules/esm/module_job:447:34)
    at new ModuleJobSync (node:internal/modules/esm/module_job:420:17)
